2023-11-11 22:38:14 [   DEBUG] Using selector: KqueueSelector (selector_events.py:54)
2023-11-11 22:38:14 [    INFO] select pg_catalog.version() (base.py:1674)
2023-11-11 22:38:14 [    INFO] [raw sql] {} (base.py:1674)
2023-11-11 22:38:14 [    INFO] select current_schema() (base.py:1674)
2023-11-11 22:38:14 [    INFO] [raw sql] {} (base.py:1674)
2023-11-11 22:38:14 [    INFO] show standard_conforming_strings (base.py:1674)
2023-11-11 22:38:14 [    INFO] [raw sql] {} (base.py:1674)
2023-11-11 22:38:14 [    INFO] BEGIN (implicit) (base.py:2624)
2023-11-11 22:38:14 [    INFO] INSERT INTO document (embeddings, filters, id, collection, content, source) VALUES (%(embeddings)s, %(filters)s, %(id)s, %(collection)s, %(content)s, %(source)s) (base.py:1577)
2023-11-11 22:38:14 [    INFO] [generated in 0.00061s] ({'embeddings': '[0.0019403136102482677,0.0057013025507330894,0.00230068969540298,-0.0018404221627861261,-0.016522280871868134,-0.00012422565487213433,-0.022389020770 ... (7906 characters truncated) ... ,-0.006629355251789093,-0.0189029723405838,-0.014325428754091263,0.029007455334067345,0.02215150184929371,-0.018266363069415092,-0.02470673806965351]', 'filters': '{"author": "John Doe"}', 'id': 0, 'collection': 'test_collection', 'content': 'This is a sample document', 'source': 'example.txt'}, {'embeddings': '[-0.008582234382629395,-0.0012454583775252104,-0.02115579880774021,-0.048996321856975555,0.011223878711462021,0.016975631937384605,-0.005089732818305 ... (7872 characters truncated) ... .020431939512491226,-0.006343347951769829,0.021803734824061394,0.01193817239254713,0.024915723130106926,-0.0020918394438922405,-0.027256079018115997]', 'filters': '{"author": "John Doe"}', 'id': 1, 'collection': 'test_collection', 'content': 'some other content', 'source': 'example2.txt'}) (base.py:1577)
2023-11-11 22:38:14 [    INFO] ROLLBACK (base.py:2627)
2023-11-11 22:38:15 [   DEBUG] Using selector: KqueueSelector (selector_events.py:54)
2023-11-11 22:38:15 [    INFO] BEGIN (implicit) (base.py:2624)
2023-11-11 22:38:15 [    INFO] 
            SELECT 1 - (embeddings <=> %(embeddings)s) AS cosine_similarity, content, collection, id, source
            FROM document
            WHERE collection = %(collection)s
         (base.py:1577)
2023-11-11 22:38:15 [    INFO] [generated in 0.00011s] {'embeddings': '[0.020715752616524696,-0.011236720718443394,-0.014713223092257977,0.02656896598637104,-0.03205559775233269,-0.002868053736165166,0.015834730118513107 ... (7918 characters truncated) ... .00124431645963341,-0.006691128946840763,-0.01744679920375347,0.006787218153476715,-0.008371303789317608,-0.028755009174346924,-0.013494497165083885]', 'collection': 'test_collection'} (base.py:1577)
2023-11-11 22:38:15 [    INFO] COMMIT (base.py:2630)
2023-11-11 22:38:15 [    INFO] HTTP Request: POST http://testserver/text/search "HTTP/1.1 200 OK" (_client.py:1013)
